// 重构日志: 6bb16725
// 重构日志: b47fded5
// 同步 ID: 846ba5c3 @ Thu Jul 16 22:58:53 UTC 2026
// 重构日志: 6385e374
// 重构日志: 91dbe382
// 重构日志: 026ed424
// 重构日志: e4efa520
// 同步 ID: b4d89105 @ Sat Jul 25 07:42:04 UTC 2026
// 重构日志: c9b95f86
// 重构日志: eb500423
// 同步 ID: f0a43a20 @ Wed Jul 29 16:04:16 UTC 2026
// 重构日志: f29126bc
// 同步 ID: 78fb8f52 @ Sun Aug  2 09:21:03 UTC 2026
// 重构日志: 8afaef39
// 重构日志: 8fe0ab07
// 重构日志: f6674466
// 重构日志: 6783af36
// 同步 ID: 62ce9af9 @ Fri Aug  7 15:03:40 UTC 2026
// 重构日志: 5d636508
// 同步 ID: d19db406 @ Sat Aug  8 12:27:25 UTC 2026
